<?xml version="1.0" encoding="UTF-8"?>
<TestRun id="b222e6e8-213c-4090-8228-3d081f140b1c" name="TerryQ@TERRYQ-A6092DCD 2015-03-03 10:02:52" runUser="TERRYQ-A6092DCD\TerryQ" xmlns="http://microsoft.com/schemas/VisualStudio/TeamTest/2010">
  <TestSettings name="本地" id="426bbce2-7280-4abe-a034-47ea29b7d730">
    <Description>这些设置为本地测试运行的默认测试设置。</Description>
    <Deployment enabled="false" runDeploymentRoot="TerryQ_TERRYQ-A6092DCD 2015-03-03 10_02_52">
      <DeploymentItem filename="D:\documents and settings\terryq\my documents\visual studio 2010\Projects\Agathas.Storefront\packages\structuremap.3.1.4.143\lib\net40\StructureMap.Net4.dll" />
      <DeploymentItem filename="D:\documents and settings\terryq\my documents\visual studio 2010\Projects\Agathas.Storefront\packages\structuremap.3.1.4.143\lib\net40\StructureMap.dll" />
      <DeploymentItem filename="D:\documents and settings\terryq\my documents\visual studio 2010\Projects\Agathas.Storefront\Agathas.Storefront.Infrastructure\bin\Debug\Agathas.Storefront.Infrastructure.dll" />
    </Deployment>
    <Execution>
      <TestTypeSpecific />
      <AgentRule name="Execution Agents">
      </AgentRule>
    </Execution>
  </TestSettings>
  <Times creation="2015-03-03T10:02:52.8882500+08:00" queuing="2015-03-03T10:02:55.4820000+08:00" start="2015-03-03T10:02:55.8570000+08:00" finish="2015-03-03T10:02:58.0445000+08:00" />
  <ResultSummary outcome="Failed">
    <Counters total="1" executed="1" error="0" failed="1" timeout="0" aborted="0" inconclusive="0" passedButRunAborted="0" notRunnable="0" notExecuted="0" disconnected="0" warning="0" passed="0" completed="0" inProgress="0" pending="0" />
  </ResultSummary>
  <TestDefinitions>
    <UnitTest name="CreateFieldExpression" storage="d:\documents and settings\terryq\my documents\visual studio 2010\projects\agathas.storefront\agathas.storefront.unittest\bin\debug\agathas.storefront.unittest.dll" id="76324325-ee21-fb89-0512-18dafe8c1207">
      <Execution id="2b8af34c-27cf-4875-923a-c3d4fd4591bc" />
      <TestMethod codeBase="D:/documents and settings/terryq/my documents/visual studio 2010/Projects/Agathas.Storefront/Agathas.Storefront.UnitTest/bin/Debug/Agathas.Storefront.UnitTest.DLL" adapterTypeName="Microsoft.VisualStudio.TestTools.TestTypes.Unit.UnitTestAdapter, Microsoft.VisualStudio.QualityTools.Tips.UnitTest.Adapter, Version=10.0.0.0, Culture=neutral, PublicKeyToken=b03f5f7f11d50a3a" className="Agathas.Storefront.UnitTest.Infrastructure.Querying.PropertyNameHelperTest, Agathas.Storefront.UnitTest, Version=1.0.0.0, Culture=neutral, PublicKeyToken=null" name="CreateFieldExpression" />
    </UnitTest>
  </TestDefinitions>
  <TestLists>
    <TestList name="列表中未列出的结果" id="8c84fa94-04c1-424b-9868-57a2d4851a1d" />
    <TestList name="所有已加载的结果" id="19431567-8539-422a-85d7-44ee4e166bda" />
  </TestLists>
  <TestEntries>
    <TestEntry testId="76324325-ee21-fb89-0512-18dafe8c1207" executionId="2b8af34c-27cf-4875-923a-c3d4fd4591bc" testListId="8c84fa94-04c1-424b-9868-57a2d4851a1d" />
  </TestEntries>
  <Results>
    <UnitTestResult executionId="2b8af34c-27cf-4875-923a-c3d4fd4591bc" testId="76324325-ee21-fb89-0512-18dafe8c1207" testName="CreateFieldExpression" computerName="TERRYQ-A6092DCD" duration="00:00:00.1371117" startTime="2015-03-03T10:02:55.8882500+08:00" endTime="2015-03-03T10:02:57.9663750+08:00" testType="13cdc9d9-ddb5-4fa4-a97d-d965ccfc6d4b" outcome="Failed" testListId="8c84fa94-04c1-424b-9868-57a2d4851a1d" relativeResultsDirectory="2b8af34c-27cf-4875-923a-c3d4fd4591bc">
      <Output>
        <ErrorInfo>
          <Message>Assert.AreEqual 失败。应为: &lt;value(Agathas.Storefront.UnitTest.Infrastructure.Querying.PropertyNameHelperTest+Animal).species&gt;，实际为: &lt;value(CodeSnippets.FieldExample+Animal).species&gt;。</Message>
          <StackTrace>   在 Agathas.Storefront.UnitTest.Infrastructure.Querying.PropertyNameHelperTest.CreateFieldExpression() 位置 D:\documents and settings\terryq\my documents\visual studio 2010\Projects\Agathas.Storefront\Agathas.Storefront.UnitTest\Infrastructure\Querying\PropertyNameHelperTest.cs:行号 29
</StackTrace>
        </ErrorInfo>
      </Output>
    </UnitTestResult>
  </Results>
</TestRun>